results[0] = { Date: 2021-02-01T23:59:59, ManifestSHA: a4792063da2ebb7628b66b9f238cba300b18ab00, LibYear: { _packagesValues: [
{ Name: "DotNetEnv", RepoVersion: "2.0.0", RepoVersionPublishedAt: 2020-12-16T03:10:56, LatestVersion: "2.0.0", LatestPublishedAt: 2020-12-16T03:10:56, UpgradeAvailable: False, Value: 0 },
{ Name: "HtmlAgilityPack", RepoVersion: "1.11.30", RepoVersionPublishedAt: 2021-01-24T16:24:30, LatestVersion: "1.11.30", LatestPublishedAt: 2021-01-24T16:24:30, UpgradeAvailable: False, Value: 0 },
{ Name: "LibGit2Sharp", RepoVersion: "0.27.0-preview-0096", RepoVersionPublishedAt: 2020-11-23T20:18:33, LatestVersion: "0.27.0-preview-0096", LatestPublishedAt: 2020-11-23T20:18:33, UpgradeAvailable: False, Value: 0 },
{ Name: "NLog", RepoVersion: "4.7.7", RepoVersionPublishedAt: 2021-01-20T23:25:04, LatestVersion: "4.7.7", LatestPublishedAt: 2021-01-20T23:25:04, UpgradeAvailable: False, Value: 0 },
{ Name: "RestSharp", RepoVersion: "106.11.7", RepoVersionPublishedAt: 2020-09-30T21:10:15, LatestVersion: "106.11.8-alpha.0.12", LatestPublishedAt: 2020-12-21T16:49:35, UpgradeAvailable: True, Value: 0.22416159585870118 },
], Total: 0.22416159585870118 } }

