# frozen_string_literal: true

source "https://rubygems.org"

gem 'nokogiri', '1.8.1'

