Gemfile[0] = [1/1/2019 8:00:46 AM, 017031627f36deb582d69cddd381718be0044b02]
Gemfile[1] = [1/1/2018 8:00:59 AM, 902a3082740f83776eec419c59a56e54424fdec5]
Gemfile[2] = [1/1/2017 8:01:29 AM, 13963f09081c175c66d20f7dd15d23fedc789ce4]
