results[0] = { Date: 2017-01-01T08:01:29.0000000+00:00, ManifestSHA: 13963f09081c175c66d20f7dd15d23fedc789ce4, LibYear: { _packagesValues: [
{ Name: "mini_portile2", RepoVersion: "2.1.0", RepoVersionPublishedAt: 2016-01-06T19:10:42.0000000+00:00, LatestVersion: "2.1.0", LatestPublishedAt: 2016-01-06T19:10:42.0000000+00:00, UpgradeAvailable: False, Value: 0 },
{ Name: "nokogiri", RepoVersion: "1.7.0", RepoVersionPublishedAt: 2016-12-27T03:49:28.0000000+00:00, LatestVersion: "1.7.0", LatestPublishedAt: 2016-12-27T03:49:28.0000000+00:00, UpgradeAvailable: False, Value: 0 },
], Total: 0 } }

results[1] = { Date: 2017-02-01T00:00:00.0000000+00:00, ManifestSHA: 13963f09081c175c66d20f7dd15d23fedc789ce4, LibYear: { _packagesValues: [
{ Name: "mini_portile2", RepoVersion: "2.1.0", RepoVersionPublishedAt: 2016-01-06T19:10:42.0000000+00:00, LatestVersion: "2.1.0", LatestPublishedAt: 2016-01-06T19:10:42.0000000+00:00, UpgradeAvailable: False, Value: 0 },
{ Name: "nokogiri", RepoVersion: "1.7.0", RepoVersionPublishedAt: 2016-12-27T03:49:28.0000000+00:00, LatestVersion: "1.7.0.1", LatestPublishedAt: 2017-01-04T05:42:17.0000000+00:00, UpgradeAvailable: True, Value: 0.022132451801116185 },
], Total: 0.022132451801116185 } }

results[2] = { Date: 2017-03-01T00:00:00.0000000+00:00, ManifestSHA: 13963f09081c175c66d20f7dd15d23fedc789ce4, LibYear: { _packagesValues: [
{ Name: "mini_portile2", RepoVersion: "2.1.0", RepoVersionPublishedAt: 2016-01-06T19:10:42.0000000+00:00, LatestVersion: "2.1.0", LatestPublishedAt: 2016-01-06T19:10:42.0000000+00:00, UpgradeAvailable: False, Value: 0 },
{ Name: "nokogiri", RepoVersion: "1.7.0", RepoVersionPublishedAt: 2016-12-27T03:49:28.0000000+00:00, LatestVersion: "1.7.0.1", LatestPublishedAt: 2017-01-04T05:42:17.0000000+00:00, UpgradeAvailable: True, Value: 0.022132451801116185 },
], Total: 0.022132451801116185 } }

results[3] = { Date: 2017-04-01T00:00:00.0000000+00:00, ManifestSHA: 13963f09081c175c66d20f7dd15d23fedc789ce4, LibYear: { _packagesValues: [
{ Name: "mini_portile2", RepoVersion: "2.1.0", RepoVersionPublishedAt: 2016-01-06T19:10:42.0000000+00:00, LatestVersion: "2.1.0", LatestPublishedAt: 2016-01-06T19:10:42.0000000+00:00, UpgradeAvailable: False, Value: 0 },
{ Name: "nokogiri", RepoVersion: "1.7.0", RepoVersionPublishedAt: 2016-12-27T03:49:28.0000000+00:00, LatestVersion: "1.7.1", LatestPublishedAt: 2017-03-20T03:39:14.0000000+00:00, UpgradeAvailable: True, Value: 0.22737779046169457 },
], Total: 0.22737779046169457 } }

results[4] = { Date: 2017-05-01T00:00:00.0000000+00:00, ManifestSHA: 13963f09081c175c66d20f7dd15d23fedc789ce4, LibYear: { _packagesValues: [
{ Name: "mini_portile2", RepoVersion: "2.1.0", RepoVersionPublishedAt: 2016-01-06T19:10:42.0000000+00:00, LatestVersion: "2.1.0", LatestPublishedAt: 2016-01-06T19:10:42.0000000+00:00, UpgradeAvailable: False, Value: 0 },
{ Name: "nokogiri", RepoVersion: "1.7.0", RepoVersionPublishedAt: 2016-12-27T03:49:28.0000000+00:00, LatestVersion: "1.7.1", LatestPublishedAt: 2017-03-20T03:39:14.0000000+00:00, UpgradeAvailable: True, Value: 0.22737779046169457 },
], Total: 0.22737779046169457 } }

results[5] = { Date: 2017-06-01T00:00:00.0000000+00:00, ManifestSHA: 13963f09081c175c66d20f7dd15d23fedc789ce4, LibYear: { _packagesValues: [
{ Name: "mini_portile2", RepoVersion: "2.1.0", RepoVersionPublishedAt: 2016-01-06T19:10:42.0000000+00:00, LatestVersion: "2.1.0", LatestPublishedAt: 2016-01-06T19:10:42.0000000+00:00, UpgradeAvailable: False, Value: 0 },
{ Name: "nokogiri", RepoVersion: "1.7.0", RepoVersionPublishedAt: 2016-12-27T03:49:28.0000000+00:00, LatestVersion: "1.7.2", LatestPublishedAt: 2017-05-09T21:29:26.0000000+00:00, UpgradeAvailable: True, Value: 0.36640024099441904 },
], Total: 0.36640024099441904 } }

results[6] = { Date: 2017-07-01T00:00:00.0000000+00:00, ManifestSHA: 13963f09081c175c66d20f7dd15d23fedc789ce4, LibYear: { _packagesValues: [
{ Name: "mini_portile2", RepoVersion: "2.1.0", RepoVersionPublishedAt: 2016-01-06T19:10:42.0000000+00:00, LatestVersion: "2.2.0", LatestPublishedAt: 2017-06-05T01:41:03.0000000+00:00, UpgradeAvailable: True, Value: 1.4117015791476408 },
{ Name: "nokogiri", RepoVersion: "1.7.0", RepoVersionPublishedAt: 2016-12-27T03:49:28.0000000+00:00, LatestVersion: "1.8.0", LatestPublishedAt: 2017-06-05T04:04:48.0000000+00:00, UpgradeAvailable: True, Value: 0.43838533739218666 },
], Total: 1.8500869165398275 } }

results[7] = { Date: 2017-08-01T00:00:00.0000000+00:00, ManifestSHA: 13963f09081c175c66d20f7dd15d23fedc789ce4, LibYear: { _packagesValues: [
{ Name: "mini_portile2", RepoVersion: "2.1.0", RepoVersionPublishedAt: 2016-01-06T19:10:42.0000000+00:00, LatestVersion: "2.2.0", LatestPublishedAt: 2017-06-05T01:41:03.0000000+00:00, UpgradeAvailable: True, Value: 1.4117015791476408 },
{ Name: "nokogiri", RepoVersion: "1.7.0", RepoVersionPublishedAt: 2016-12-27T03:49:28.0000000+00:00, LatestVersion: "1.8.0", LatestPublishedAt: 2017-06-05T04:04:48.0000000+00:00, UpgradeAvailable: True, Value: 0.43838533739218666 },
], Total: 1.8500869165398275 } }

results[8] = { Date: 2017-09-01T00:00:00.0000000+00:00, ManifestSHA: 13963f09081c175c66d20f7dd15d23fedc789ce4, LibYear: { _packagesValues: [
{ Name: "mini_portile2", RepoVersion: "2.1.0", RepoVersionPublishedAt: 2016-01-06T19:10:42.0000000+00:00, LatestVersion: "2.2.0", LatestPublishedAt: 2017-06-05T01:41:03.0000000+00:00, UpgradeAvailable: True, Value: 1.4117015791476408 },
{ Name: "nokogiri", RepoVersion: "1.7.0", RepoVersionPublishedAt: 2016-12-27T03:49:28.0000000+00:00, LatestVersion: "1.8.0", LatestPublishedAt: 2017-06-05T04:04:48.0000000+00:00, UpgradeAvailable: True, Value: 0.43838533739218666 },
], Total: 1.8500869165398275 } }

results[9] = { Date: 2017-10-01T00:00:00.0000000+00:00, ManifestSHA: 13963f09081c175c66d20f7dd15d23fedc789ce4, LibYear: { _packagesValues: [
{ Name: "mini_portile2", RepoVersion: "2.1.0", RepoVersionPublishedAt: 2016-01-06T19:10:42.0000000+00:00, LatestVersion: "2.3.0", LatestPublishedAt: 2017-09-13T21:37:35.0000000+00:00, UpgradeAvailable: True, Value: 1.6879506912734654 },
{ Name: "nokogiri", RepoVersion: "1.7.0", RepoVersionPublishedAt: 2016-12-27T03:49:28.0000000+00:00, LatestVersion: "1.8.1", LatestPublishedAt: 2017-09-19T16:12:17.0000000+00:00, UpgradeAvailable: True, Value: 0.7301803970065956 },
], Total: 2.4181310882800613 } }

results[10] = { Date: 2017-11-01T00:00:00.0000000+00:00, ManifestSHA: 13963f09081c175c66d20f7dd15d23fedc789ce4, LibYear: { _packagesValues: [
{ Name: "mini_portile2", RepoVersion: "2.1.0", RepoVersionPublishedAt: 2016-01-06T19:10:42.0000000+00:00, LatestVersion: "2.3.0", LatestPublishedAt: 2017-09-13T21:37:35.0000000+00:00, UpgradeAvailable: True, Value: 1.6879506912734654 },
{ Name: "nokogiri", RepoVersion: "1.7.0", RepoVersionPublishedAt: 2016-12-27T03:49:28.0000000+00:00, LatestVersion: "1.8.1", LatestPublishedAt: 2017-09-19T16:12:17.0000000+00:00, UpgradeAvailable: True, Value: 0.7301803970065956 },
], Total: 2.4181310882800613 } }

results[11] = { Date: 2017-12-01T00:00:00.0000000+00:00, ManifestSHA: 13963f09081c175c66d20f7dd15d23fedc789ce4, LibYear: { _packagesValues: [
{ Name: "mini_portile2", RepoVersion: "2.1.0", RepoVersionPublishedAt: 2016-01-06T19:10:42.0000000+00:00, LatestVersion: "2.3.0", LatestPublishedAt: 2017-09-13T21:37:35.0000000+00:00, UpgradeAvailable: True, Value: 1.6879506912734654 },
{ Name: "nokogiri", RepoVersion: "1.7.0", RepoVersionPublishedAt: 2016-12-27T03:49:28.0000000+00:00, LatestVersion: "1.8.1", LatestPublishedAt: 2017-09-19T16:12:17.0000000+00:00, UpgradeAvailable: True, Value: 0.7301803970065956 },
], Total: 2.4181310882800613 } }

results[12] = { Date: 2018-01-01T00:00:00.0000000+00:00, ManifestSHA: 13963f09081c175c66d20f7dd15d23fedc789ce4, LibYear: { _packagesValues: [
{ Name: "mini_portile2", RepoVersion: "2.1.0", RepoVersionPublishedAt: 2016-01-06T19:10:42.0000000+00:00, LatestVersion: "2.3.0", LatestPublishedAt: 2017-09-13T21:37:35.0000000+00:00, UpgradeAvailable: True, Value: 1.6879506912734654 },
{ Name: "nokogiri", RepoVersion: "1.7.0", RepoVersionPublishedAt: 2016-12-27T03:49:28.0000000+00:00, LatestVersion: "1.8.1", LatestPublishedAt: 2017-09-19T16:12:17.0000000+00:00, UpgradeAvailable: True, Value: 0.7301803970065956 },
], Total: 2.4181310882800613 } }

results[13] = { Date: 2018-02-01T00:00:00.0000000+00:00, ManifestSHA: 902a3082740f83776eec419c59a56e54424fdec5, LibYear: { _packagesValues: [
{ Name: "mini_portile2", RepoVersion: "2.3.0", RepoVersionPublishedAt: 2017-09-13T21:37:35.0000000+00:00, LatestVersion: "2.3.0", LatestPublishedAt: 2017-09-13T21:37:35.0000000+00:00, UpgradeAvailable: False, Value: 0 },
{ Name: "nokogiri", RepoVersion: "1.8.1", RepoVersionPublishedAt: 2017-09-19T16:12:17.0000000+00:00, LatestVersion: "1.8.2", LatestPublishedAt: 2018-01-29T13:16:26.0000000+00:00, UpgradeAvailable: True, Value: 0.3613092656012177 },
], Total: 0.3613092656012177 } }

results[14] = { Date: 2018-03-01T00:00:00.0000000+00:00, ManifestSHA: 902a3082740f83776eec419c59a56e54424fdec5, LibYear: { _packagesValues: [
{ Name: "mini_portile2", RepoVersion: "2.3.0", RepoVersionPublishedAt: 2017-09-13T21:37:35.0000000+00:00, LatestVersion: "2.3.0", LatestPublishedAt: 2017-09-13T21:37:35.0000000+00:00, UpgradeAvailable: False, Value: 0 },
{ Name: "nokogiri", RepoVersion: "1.8.1", RepoVersionPublishedAt: 2017-09-19T16:12:17.0000000+00:00, LatestVersion: "1.8.2", LatestPublishedAt: 2018-01-29T13:16:26.0000000+00:00, UpgradeAvailable: True, Value: 0.3613092656012177 },
], Total: 0.3613092656012177 } }

results[15] = { Date: 2018-04-01T00:00:00.0000000+00:00, ManifestSHA: 902a3082740f83776eec419c59a56e54424fdec5, LibYear: { _packagesValues: [
{ Name: "mini_portile2", RepoVersion: "2.3.0", RepoVersionPublishedAt: 2017-09-13T21:37:35.0000000+00:00, LatestVersion: "2.3.0", LatestPublishedAt: 2017-09-13T21:37:35.0000000+00:00, UpgradeAvailable: False, Value: 0 },
{ Name: "nokogiri", RepoVersion: "1.8.1", RepoVersionPublishedAt: 2017-09-19T16:12:17.0000000+00:00, LatestVersion: "1.8.2", LatestPublishedAt: 2018-01-29T13:16:26.0000000+00:00, UpgradeAvailable: True, Value: 0.3613092656012177 },
], Total: 0.3613092656012177 } }

results[16] = { Date: 2018-05-01T00:00:00.0000000+00:00, ManifestSHA: 902a3082740f83776eec419c59a56e54424fdec5, LibYear: { _packagesValues: [
{ Name: "mini_portile2", RepoVersion: "2.3.0", RepoVersionPublishedAt: 2017-09-13T21:37:35.0000000+00:00, LatestVersion: "2.3.0", LatestPublishedAt: 2017-09-13T21:37:35.0000000+00:00, UpgradeAvailable: False, Value: 0 },
{ Name: "nokogiri", RepoVersion: "1.8.1", RepoVersionPublishedAt: 2017-09-19T16:12:17.0000000+00:00, LatestVersion: "1.8.2", LatestPublishedAt: 2018-01-29T13:16:26.0000000+00:00, UpgradeAvailable: True, Value: 0.3613092656012177 },
], Total: 0.3613092656012177 } }

results[17] = { Date: 2018-06-01T00:00:00.0000000+00:00, ManifestSHA: 902a3082740f83776eec419c59a56e54424fdec5, LibYear: { _packagesValues: [
{ Name: "mini_portile2", RepoVersion: "2.3.0", RepoVersionPublishedAt: 2017-09-13T21:37:35.0000000+00:00, LatestVersion: "2.3.0", LatestPublishedAt: 2017-09-13T21:37:35.0000000+00:00, UpgradeAvailable: False, Value: 0 },
{ Name: "nokogiri", RepoVersion: "1.8.1", RepoVersionPublishedAt: 2017-09-19T16:12:17.0000000+00:00, LatestVersion: "1.8.2", LatestPublishedAt: 2018-01-29T13:16:26.0000000+00:00, UpgradeAvailable: True, Value: 0.3613092656012177 },
], Total: 0.3613092656012177 } }

results[18] = { Date: 2018-07-01T00:00:00.0000000+00:00, ManifestSHA: 902a3082740f83776eec419c59a56e54424fdec5, LibYear: { _packagesValues: [
{ Name: "mini_portile2", RepoVersion: "2.3.0", RepoVersionPublishedAt: 2017-09-13T21:37:35.0000000+00:00, LatestVersion: "2.3.0", LatestPublishedAt: 2017-09-13T21:37:35.0000000+00:00, UpgradeAvailable: False, Value: 0 },
{ Name: "nokogiri", RepoVersion: "1.8.1", RepoVersionPublishedAt: 2017-09-19T16:12:17.0000000+00:00, LatestVersion: "1.8.3", LatestPublishedAt: 2018-06-16T20:04:37.0000000+00:00, UpgradeAvailable: True, Value: 0.7401680618975139 },
], Total: 0.7401680618975139 } }

results[19] = { Date: 2018-08-01T00:00:00.0000000+00:00, ManifestSHA: 902a3082740f83776eec419c59a56e54424fdec5, LibYear: { _packagesValues: [
{ Name: "mini_portile2", RepoVersion: "2.3.0", RepoVersionPublishedAt: 2017-09-13T21:37:35.0000000+00:00, LatestVersion: "2.3.0", LatestPublishedAt: 2017-09-13T21:37:35.0000000+00:00, UpgradeAvailable: False, Value: 0 },
{ Name: "nokogiri", RepoVersion: "1.8.1", RepoVersionPublishedAt: 2017-09-19T16:12:17.0000000+00:00, LatestVersion: "1.8.4", LatestPublishedAt: 2018-07-04T00:37:27.0000000+00:00, UpgradeAvailable: True, Value: 0.7872624936580417 },
], Total: 0.7872624936580417 } }

results[20] = { Date: 2018-09-01T00:00:00.0000000+00:00, ManifestSHA: 902a3082740f83776eec419c59a56e54424fdec5, LibYear: { _packagesValues: [
{ Name: "mini_portile2", RepoVersion: "2.3.0", RepoVersionPublishedAt: 2017-09-13T21:37:35.0000000+00:00, LatestVersion: "2.3.0", LatestPublishedAt: 2017-09-13T21:37:35.0000000+00:00, UpgradeAvailable: False, Value: 0 },
{ Name: "nokogiri", RepoVersion: "1.8.1", RepoVersionPublishedAt: 2017-09-19T16:12:17.0000000+00:00, LatestVersion: "1.8.4", LatestPublishedAt: 2018-07-04T00:37:27.0000000+00:00, UpgradeAvailable: True, Value: 0.7872624936580417 },
], Total: 0.7872624936580417 } }

results[21] = { Date: 2018-10-01T00:00:00.0000000+00:00, ManifestSHA: 902a3082740f83776eec419c59a56e54424fdec5, LibYear: { _packagesValues: [
{ Name: "mini_portile2", RepoVersion: "2.3.0", RepoVersionPublishedAt: 2017-09-13T21:37:35.0000000+00:00, LatestVersion: "2.3.0", LatestPublishedAt: 2017-09-13T21:37:35.0000000+00:00, UpgradeAvailable: False, Value: 0 },
{ Name: "nokogiri", RepoVersion: "1.8.1", RepoVersionPublishedAt: 2017-09-19T16:12:17.0000000+00:00, LatestVersion: "1.8.4", LatestPublishedAt: 2018-07-04T00:37:27.0000000+00:00, UpgradeAvailable: True, Value: 0.7872624936580417 },
], Total: 0.7872624936580417 } }

results[22] = { Date: 2018-11-01T00:00:00.0000000+00:00, ManifestSHA: 902a3082740f83776eec419c59a56e54424fdec5, LibYear: { _packagesValues: [
{ Name: "mini_portile2", RepoVersion: "2.3.0", RepoVersionPublishedAt: 2017-09-13T21:37:35.0000000+00:00, LatestVersion: "2.3.0", LatestPublishedAt: 2017-09-13T21:37:35.0000000+00:00, UpgradeAvailable: False, Value: 0 },
{ Name: "nokogiri", RepoVersion: "1.8.1", RepoVersionPublishedAt: 2017-09-19T16:12:17.0000000+00:00, LatestVersion: "1.8.5", LatestPublishedAt: 2018-10-05T01:14:43.0000000+00:00, UpgradeAvailable: True, Value: 1.0421279173008626 },
], Total: 1.0421279173008626 } }

results[23] = { Date: 2018-12-01T00:00:00.0000000+00:00, ManifestSHA: 902a3082740f83776eec419c59a56e54424fdec5, LibYear: { _packagesValues: [
{ Name: "mini_portile2", RepoVersion: "2.3.0", RepoVersionPublishedAt: 2017-09-13T21:37:35.0000000+00:00, LatestVersion: "2.3.0", LatestPublishedAt: 2017-09-13T21:37:35.0000000+00:00, UpgradeAvailable: False, Value: 0 },
{ Name: "nokogiri", RepoVersion: "1.8.1", RepoVersionPublishedAt: 2017-09-19T16:12:17.0000000+00:00, LatestVersion: "1.8.5", LatestPublishedAt: 2018-10-05T01:14:43.0000000+00:00, UpgradeAvailable: True, Value: 1.0421279173008626 },
], Total: 1.0421279173008626 } }

results[24] = { Date: 2019-01-01T00:00:00.0000000+00:00, ManifestSHA: 902a3082740f83776eec419c59a56e54424fdec5, LibYear: { _packagesValues: [
{ Name: "mini_portile2", RepoVersion: "2.3.0", RepoVersionPublishedAt: 2017-09-13T21:37:35.0000000+00:00, LatestVersion: "2.4.0", LatestPublishedAt: 2018-12-02T08:28:04.0000000+00:00, UpgradeAvailable: True, Value: 1.217675957635718 },
{ Name: "nokogiri", RepoVersion: "1.8.1", RepoVersionPublishedAt: 2017-09-19T16:12:17.0000000+00:00, LatestVersion: "1.9.1", LatestPublishedAt: 2018-12-18T05:22:07.0000000+00:00, UpgradeAvailable: True, Value: 1.2453383434804668 },
], Total: 2.4630143011161847 } }

results[25] = { Date: 2019-02-01T00:00:00.0000000+00:00, ManifestSHA: 017031627f36deb582d69cddd381718be0044b02, LibYear: { _packagesValues: [
{ Name: "mini_portile2", RepoVersion: "2.4.0", RepoVersionPublishedAt: 2018-12-02T08:28:04.0000000+00:00, LatestVersion: "2.4.0", LatestPublishedAt: 2018-12-02T08:28:04.0000000+00:00, UpgradeAvailable: False, Value: 0 },
{ Name: "nokogiri", RepoVersion: "1.9.1", RepoVersionPublishedAt: 2018-12-18T05:22:07.0000000+00:00, LatestVersion: "1.10.1", LatestPublishedAt: 2019-01-13T06:29:30.0000000+00:00, UpgradeAvailable: True, Value: 0.07136107940131912 },
], Total: 0.07136107940131912 } }

results[26] = { Date: 2019-03-01T00:00:00.0000000+00:00, ManifestSHA: 017031627f36deb582d69cddd381718be0044b02, LibYear: { _packagesValues: [
{ Name: "mini_portile2", RepoVersion: "2.4.0", RepoVersionPublishedAt: 2018-12-02T08:28:04.0000000+00:00, LatestVersion: "2.4.0", LatestPublishedAt: 2018-12-02T08:28:04.0000000+00:00, UpgradeAvailable: False, Value: 0 },
{ Name: "nokogiri", RepoVersion: "1.9.1", RepoVersionPublishedAt: 2018-12-18T05:22:07.0000000+00:00, LatestVersion: "1.10.1", LatestPublishedAt: 2019-01-13T06:29:30.0000000+00:00, UpgradeAvailable: True, Value: 0.07136107940131912 },
], Total: 0.07136107940131912 } }

results[27] = { Date: 2019-04-01T00:00:00.0000000+00:00, ManifestSHA: 017031627f36deb582d69cddd381718be0044b02, LibYear: { _packagesValues: [
{ Name: "mini_portile2", RepoVersion: "2.4.0", RepoVersionPublishedAt: 2018-12-02T08:28:04.0000000+00:00, LatestVersion: "2.4.0", LatestPublishedAt: 2018-12-02T08:28:04.0000000+00:00, UpgradeAvailable: False, Value: 0 },
{ Name: "nokogiri", RepoVersion: "1.9.1", RepoVersionPublishedAt: 2018-12-18T05:22:07.0000000+00:00, LatestVersion: "1.10.2", LatestPublishedAt: 2019-03-25T13:03:11.0000000+00:00, UpgradeAvailable: True, Value: 0.2666306443429731 },
], Total: 0.2666306443429731 } }

results[28] = { Date: 2019-05-01T00:00:00.0000000+00:00, ManifestSHA: 017031627f36deb582d69cddd381718be0044b02, LibYear: { _packagesValues: [
{ Name: "mini_portile2", RepoVersion: "2.4.0", RepoVersionPublishedAt: 2018-12-02T08:28:04.0000000+00:00, LatestVersion: "2.4.0", LatestPublishedAt: 2018-12-02T08:28:04.0000000+00:00, UpgradeAvailable: False, Value: 0 },
{ Name: "nokogiri", RepoVersion: "1.9.1", RepoVersionPublishedAt: 2018-12-18T05:22:07.0000000+00:00, LatestVersion: "1.10.3", LatestPublishedAt: 2019-04-22T17:10:22.0000000+00:00, UpgradeAvailable: True, Value: 0.34381326103500764 },
], Total: 0.34381326103500764 } }

results[29] = { Date: 2019-06-01T00:00:00.0000000+00:00, ManifestSHA: 017031627f36deb582d69cddd381718be0044b02, LibYear: { _packagesValues: [
{ Name: "mini_portile2", RepoVersion: "2.4.0", RepoVersionPublishedAt: 2018-12-02T08:28:04.0000000+00:00, LatestVersion: "2.4.0", LatestPublishedAt: 2018-12-02T08:28:04.0000000+00:00, UpgradeAvailable: False, Value: 0 },
{ Name: "nokogiri", RepoVersion: "1.9.1", RepoVersionPublishedAt: 2018-12-18T05:22:07.0000000+00:00, LatestVersion: "1.10.3", LatestPublishedAt: 2019-04-22T17:10:22.0000000+00:00, UpgradeAvailable: True, Value: 0.34381326103500764 },
], Total: 0.34381326103500764 } }

results[30] = { Date: 2019-07-01T00:00:00.0000000+00:00, ManifestSHA: 017031627f36deb582d69cddd381718be0044b02, LibYear: { _packagesValues: [
{ Name: "mini_portile2", RepoVersion: "2.4.0", RepoVersionPublishedAt: 2018-12-02T08:28:04.0000000+00:00, LatestVersion: "2.4.0", LatestPublishedAt: 2018-12-02T08:28:04.0000000+00:00, UpgradeAvailable: False, Value: 0 },
{ Name: "nokogiri", RepoVersion: "1.9.1", RepoVersionPublishedAt: 2018-12-18T05:22:07.0000000+00:00, LatestVersion: "1.10.3", LatestPublishedAt: 2019-04-22T17:10:22.0000000+00:00, UpgradeAvailable: True, Value: 0.34381326103500764 },
], Total: 0.34381326103500764 } }

results[31] = { Date: 2019-08-01T00:00:00.0000000+00:00, ManifestSHA: 017031627f36deb582d69cddd381718be0044b02, LibYear: { _packagesValues: [
{ Name: "mini_portile2", RepoVersion: "2.4.0", RepoVersionPublishedAt: 2018-12-02T08:28:04.0000000+00:00, LatestVersion: "2.4.0", LatestPublishedAt: 2018-12-02T08:28:04.0000000+00:00, UpgradeAvailable: False, Value: 0 },
{ Name: "nokogiri", RepoVersion: "1.9.1", RepoVersionPublishedAt: 2018-12-18T05:22:07.0000000+00:00, LatestVersion: "1.10.3", LatestPublishedAt: 2019-04-22T17:10:22.0000000+00:00, UpgradeAvailable: True, Value: 0.34381326103500764 },
], Total: 0.34381326103500764 } }

results[32] = { Date: 2019-09-01T00:00:00.0000000+00:00, ManifestSHA: 017031627f36deb582d69cddd381718be0044b02, LibYear: { _packagesValues: [
{ Name: "mini_portile2", RepoVersion: "2.4.0", RepoVersionPublishedAt: 2018-12-02T08:28:04.0000000+00:00, LatestVersion: "2.4.0", LatestPublishedAt: 2018-12-02T08:28:04.0000000+00:00, UpgradeAvailable: False, Value: 0 },
{ Name: "nokogiri", RepoVersion: "1.9.1", RepoVersionPublishedAt: 2018-12-18T05:22:07.0000000+00:00, LatestVersion: "1.10.4", LatestPublishedAt: 2019-08-11T19:25:23.0000000+00:00, UpgradeAvailable: True, Value: 0.648179731100964 },
], Total: 0.648179731100964 } }

results[33] = { Date: 2019-10-01T00:00:00.0000000+00:00, ManifestSHA: 017031627f36deb582d69cddd381718be0044b02, LibYear: { _packagesValues: [
{ Name: "mini_portile2", RepoVersion: "2.4.0", RepoVersionPublishedAt: 2018-12-02T08:28:04.0000000+00:00, LatestVersion: "2.4.0", LatestPublishedAt: 2018-12-02T08:28:04.0000000+00:00, UpgradeAvailable: False, Value: 0 },
{ Name: "nokogiri", RepoVersion: "1.9.1", RepoVersionPublishedAt: 2018-12-18T05:22:07.0000000+00:00, LatestVersion: "1.10.4", LatestPublishedAt: 2019-08-11T19:25:23.0000000+00:00, UpgradeAvailable: True, Value: 0.648179731100964 },
], Total: 0.648179731100964 } }

results[34] = { Date: 2019-11-01T00:00:00.0000000+00:00, ManifestSHA: 017031627f36deb582d69cddd381718be0044b02, LibYear: { _packagesValues: [
{ Name: "mini_portile2", RepoVersion: "2.4.0", RepoVersionPublishedAt: 2018-12-02T08:28:04.0000000+00:00, LatestVersion: "2.4.0", LatestPublishedAt: 2018-12-02T08:28:04.0000000+00:00, UpgradeAvailable: False, Value: 0 },
{ Name: "nokogiri", RepoVersion: "1.9.1", RepoVersionPublishedAt: 2018-12-18T05:22:07.0000000+00:00, LatestVersion: "1.10.5", LatestPublishedAt: 2019-10-31T19:29:36.0000000+00:00, UpgradeAvailable: True, Value: 0.8701055618975139 },
], Total: 0.8701055618975139 } }

results[35] = { Date: 2019-12-01T00:00:00.0000000+00:00, ManifestSHA: 017031627f36deb582d69cddd381718be0044b02, LibYear: { _packagesValues: [
{ Name: "mini_portile2", RepoVersion: "2.4.0", RepoVersionPublishedAt: 2018-12-02T08:28:04.0000000+00:00, LatestVersion: "2.4.0", LatestPublishedAt: 2018-12-02T08:28:04.0000000+00:00, UpgradeAvailable: False, Value: 0 },
{ Name: "nokogiri", RepoVersion: "1.9.1", RepoVersionPublishedAt: 2018-12-18T05:22:07.0000000+00:00, LatestVersion: "1.10.5", LatestPublishedAt: 2019-10-31T19:29:36.0000000+00:00, UpgradeAvailable: True, Value: 0.8701055618975139 },
], Total: 0.8701055618975139 } }

results[36] = { Date: 2020-01-01T00:00:00.0000000+00:00, ManifestSHA: 017031627f36deb582d69cddd381718be0044b02, LibYear: { _packagesValues: [
{ Name: "mini_portile2", RepoVersion: "2.4.0", RepoVersionPublishedAt: 2018-12-02T08:28:04.0000000+00:00, LatestVersion: "2.4.0", LatestPublishedAt: 2018-12-02T08:28:04.0000000+00:00, UpgradeAvailable: False, Value: 0 },
{ Name: "nokogiri", RepoVersion: "1.9.1", RepoVersionPublishedAt: 2018-12-18T05:22:07.0000000+00:00, LatestVersion: "1.10.7", LatestPublishedAt: 2019-12-04T15:29:49.0000000+00:00, UpgradeAvailable: True, Value: 0.9628000380517504 },
], Total: 0.9628000380517504 } }

results[37] = { Date: 2020-02-01T00:00:00.0000000+00:00, ManifestSHA: 017031627f36deb582d69cddd381718be0044b02, LibYear: { _packagesValues: [
{ Name: "mini_portile2", RepoVersion: "2.4.0", RepoVersionPublishedAt: 2018-12-02T08:28:04.0000000+00:00, LatestVersion: "2.4.0", LatestPublishedAt: 2018-12-02T08:28:04.0000000+00:00, UpgradeAvailable: False, Value: 0 },
{ Name: "nokogiri", RepoVersion: "1.9.1", RepoVersionPublishedAt: 2018-12-18T05:22:07.0000000+00:00, LatestVersion: "1.10.7", LatestPublishedAt: 2019-12-04T15:29:49.0000000+00:00, UpgradeAvailable: True, Value: 0.9628000380517504 },
], Total: 0.9628000380517504 } }

