results[0] = Filename: composer.lock
Results:
{ Date: 2020-01-01T00:00:00, ManifestSHA: N/A, LibYear: { _packagesValues: [
{ Name: "aws/aws-sdk-php", RepoVersion: "3.130.2", RepoVersionPublishedAt: 2019-12-23T00:00:00, LatestVersion: "3.130.2", LatestPublishedAt: 2019-12-23T00:00:00, UpgradeAvailable: False, Value: 0 },
{ Name: "barryvdh/laravel-dompdf", RepoVersion: "v0.8.5", RepoVersionPublishedAt: 2019-08-23T00:00:00, LatestVersion: "v0.8.5", LatestPublishedAt: 2019-08-23T00:00:00, UpgradeAvailable: False, Value: 0 },
{ Name: "barryvdh/laravel-snappy", RepoVersion: "v0.4.6", RepoVersionPublishedAt: 2019-10-02T00:00:00, LatestVersion: "v0.4.6", LatestPublishedAt: 2019-10-02T00:00:00, UpgradeAvailable: False, Value: 0 },
{ Name: "cogpowered/finediff", RepoVersion: "0.3.1", RepoVersionPublishedAt: 2014-05-19T00:00:00, LatestVersion: "0.3.1", LatestPublishedAt: 2014-05-19T00:00:00, UpgradeAvailable: False, Value: 0 },
{ Name: "doctrine/cache", RepoVersion: "1.10.0", RepoVersionPublishedAt: 2019-11-29T00:00:00, LatestVersion: "1.10.0", LatestPublishedAt: 2019-11-29T00:00:00, UpgradeAvailable: False, Value: 0 },
{ Name: "doctrine/dbal", RepoVersion: "v2.10.0", RepoVersionPublishedAt: 2019-11-03T00:00:00, LatestVersion: "v2.10.0", LatestPublishedAt: 2019-11-03T00:00:00, UpgradeAvailable: False, Value: 0 },
{ Name: "doctrine/event-manager", RepoVersion: "1.1.0", RepoVersionPublishedAt: 2019-11-10T00:00:00, LatestVersion: "1.1.0", LatestPublishedAt: 2019-11-10T00:00:00, UpgradeAvailable: False, Value: 0 },
{ Name: "doctrine/inflector", RepoVersion: "1.3.1", RepoVersionPublishedAt: 2019-10-30T00:00:00, LatestVersion: "1.3.1", LatestPublishedAt: 2019-10-30T00:00:00, UpgradeAvailable: False, Value: 0 },
{ Name: "doctrine/lexer", RepoVersion: "1.2.0", RepoVersionPublishedAt: 2019-10-30T00:00:00, LatestVersion: "1.2.0", LatestPublishedAt: 2019-10-30T00:00:00, UpgradeAvailable: False, Value: 0 },
{ Name: "dompdf/dompdf", RepoVersion: "v0.8.3", RepoVersionPublishedAt: 2018-12-14T00:00:00, LatestVersion: "v0.8.3", LatestPublishedAt: 2018-12-14T00:00:00, UpgradeAvailable: False, Value: 0 },
{ Name: "dragonmantank/cron-expression", RepoVersion: "v2.3.0", RepoVersionPublishedAt: 2019-03-31T00:00:00, LatestVersion: "v2.3.0", LatestPublishedAt: 2019-03-31T00:00:00, UpgradeAvailable: False, Value: 0 },
{ Name: "egulias/email-validator", RepoVersion: "2.1.12", RepoVersionPublishedAt: 2019-12-20T00:00:00, LatestVersion: "2.1.13", LatestPublishedAt: 2019-12-30T00:00:00, UpgradeAvailable: True, Value: 0.0273972602739726 },
{ Name: "erusev/parsedown", RepoVersion: "1.7.3", RepoVersionPublishedAt: 2019-03-17T00:00:00, LatestVersion: "1.7.4", LatestPublishedAt: 2019-12-30T00:00:00, UpgradeAvailable: True, Value: 0.7890410958904109 },
{ Name: "fideloper/proxy", RepoVersion: "4.2.2", RepoVersionPublishedAt: 2019-12-20T00:00:00, LatestVersion: "4.2.2", LatestPublishedAt: 2019-12-20T00:00:00, UpgradeAvailable: False, Value: 0 },
{ Name: "gathercontent/htmldiff", RepoVersion: "0.2.1", RepoVersionPublishedAt: 2015-04-15T00:00:00, LatestVersion: "0.2.1", LatestPublishedAt: 2015-04-15T00:00:00, UpgradeAvailable: False, Value: 0 },
{ Name: "guzzlehttp/guzzle", RepoVersion: "6.5.2", RepoVersionPublishedAt: 2019-12-23T00:00:00, LatestVersion: "6.5.2", LatestPublishedAt: 2019-12-23T00:00:00, UpgradeAvailable: False, Value: 0 },
{ Name: "guzzlehttp/promises", RepoVersion: "v1.3.1", RepoVersionPublishedAt: 2016-12-20T00:00:00, LatestVersion: "v1.3.1", LatestPublishedAt: 2016-12-20T00:00:00, UpgradeAvailable: False, Value: 0 },
{ Name: "guzzlehttp/psr7", RepoVersion: "1.6.1", RepoVersionPublishedAt: 2019-07-01T00:00:00, LatestVersion: "1.6.1", LatestPublishedAt: 2019-07-01T00:00:00, UpgradeAvailable: False, Value: 0 },
{ Name: "intervention/image", RepoVersion: "2.5.1", RepoVersionPublishedAt: 2019-11-02T00:00:00, LatestVersion: "2.5.1", LatestPublishedAt: 2019-11-02T00:00:00, UpgradeAvailable: False, Value: 0 },
{ Name: "knplabs/knp-snappy", RepoVersion: "v1.2.0", RepoVersionPublishedAt: 2019-12-02T00:00:00, LatestVersion: "v1.2.0", LatestPublishedAt: 2019-12-02T00:00:00, UpgradeAvailable: False, Value: 0 },
{ Name: "laravel/framework", RepoVersion: "v6.9.0", RepoVersionPublishedAt: 2019-12-19T00:00:00, LatestVersion: "v6.9.0", LatestPublishedAt: 2019-12-19T00:00:00, UpgradeAvailable: False, Value: 0 },
{ Name: "laravel/socialite", RepoVersion: "v4.3.1", RepoVersionPublishedAt: 2019-11-26T00:00:00, LatestVersion: "v4.3.1", LatestPublishedAt: 2019-11-26T00:00:00, UpgradeAvailable: False, Value: 0 },
{ Name: "league/flysystem", RepoVersion: "1.0.61", RepoVersionPublishedAt: 2019-12-08T00:00:00, LatestVersion: "1.0.62", LatestPublishedAt: 2019-12-29T00:00:00, UpgradeAvailable: True, Value: 0.057534246575342465 },
{ Name: "league/flysystem-aws-s3-v3", RepoVersion: "1.0.23", RepoVersionPublishedAt: 2019-06-05T00:00:00, LatestVersion: "1.0.23", LatestPublishedAt: 2019-06-05T00:00:00, UpgradeAvailable: False, Value: 0 },
{ Name: "league/oauth1-client", RepoVersion: "1.7.0", RepoVersionPublishedAt: 2016-08-17T00:00:00, LatestVersion: "1.7.0", LatestPublishedAt: 2016-08-17T00:00:00, UpgradeAvailable: False, Value: 0 },
{ Name: "monolog/monolog", RepoVersion: "2.0.2", RepoVersionPublishedAt: 2019-12-20T00:00:00, LatestVersion: "2.0.2", LatestPublishedAt: 2019-12-20T00:00:00, UpgradeAvailable: False, Value: 0 },
{ Name: "mtdowling/jmespath.php", RepoVersion: "2.4.0", RepoVersionPublishedAt: 2016-12-03T00:00:00, LatestVersion: "2.5.0", LatestPublishedAt: 2019-12-30T00:00:00, UpgradeAvailable: True, Value: 3.073972602739726 },
{ Name: "nesbot/carbon", RepoVersion: "2.28.0", RepoVersionPublishedAt: 2019-12-16T00:00:00, LatestVersion: "2.28.0", LatestPublishedAt: 2019-12-16T00:00:00, UpgradeAvailable: False, Value: 0 },
{ Name: "onelogin/php-saml", RepoVersion: "3.4.1", RepoVersionPublishedAt: 2019-11-25T00:00:00, LatestVersion: "3.4.1", LatestPublishedAt: 2019-11-25T00:00:00, UpgradeAvailable: False, Value: 0 },
{ Name: "opis/closure", RepoVersion: "3.5.1", RepoVersionPublishedAt: 2019-11-29T00:00:00, LatestVersion: "3.5.1", LatestPublishedAt: 2019-11-29T00:00:00, UpgradeAvailable: False, Value: 0 },
{ Name: "paragonie/random_compat", RepoVersion: "v9.99.99", RepoVersionPublishedAt: 2018-07-02T00:00:00, LatestVersion: "v9.99.99", LatestPublishedAt: 2018-07-02T00:00:00, UpgradeAvailable: False, Value: 0 },
{ Name: "phenx/php-font-lib", RepoVersion: "0.5.1", RepoVersionPublishedAt: 2017-09-13T00:00:00, LatestVersion: "0.5.1", LatestPublishedAt: 2017-09-13T00:00:00, UpgradeAvailable: False, Value: 0 },
{ Name: "phenx/php-svg-lib", RepoVersion: "v0.3.3", RepoVersionPublishedAt: 2019-09-11T00:00:00, LatestVersion: "v0.3.3", LatestPublishedAt: 2019-09-11T00:00:00, UpgradeAvailable: False, Value: 0 },
{ Name: "phpoption/phpoption", RepoVersion: "1.7.2", RepoVersionPublishedAt: 2019-12-15T00:00:00, LatestVersion: "1.7.2", LatestPublishedAt: 2019-12-15T00:00:00, UpgradeAvailable: False, Value: 0 },
{ Name: "predis/predis", RepoVersion: "v1.1.1", RepoVersionPublishedAt: 2016-06-16T00:00:00, LatestVersion: "v1.1.1", LatestPublishedAt: 2016-06-16T00:00:00, UpgradeAvailable: False, Value: 0 },
{ Name: "psr/container", RepoVersion: "1.0.0", RepoVersionPublishedAt: 2017-02-14T00:00:00, LatestVersion: "1.0.0", LatestPublishedAt: 2017-02-14T00:00:00, UpgradeAvailable: False, Value: 0 },
{ Name: "psr/http-message", RepoVersion: "1.0.1", RepoVersionPublishedAt: 2016-08-06T00:00:00, LatestVersion: "1.0.1", LatestPublishedAt: 2016-08-06T00:00:00, UpgradeAvailable: False, Value: 0 },
{ Name: "psr/log", RepoVersion: "1.1.2", RepoVersionPublishedAt: 2019-11-01T00:00:00, LatestVersion: "1.1.2", LatestPublishedAt: 2019-11-01T00:00:00, UpgradeAvailable: False, Value: 0 },
{ Name: "psr/simple-cache", RepoVersion: "1.0.1", RepoVersionPublishedAt: 2017-10-23T00:00:00, LatestVersion: "1.0.1", LatestPublishedAt: 2017-10-23T00:00:00, UpgradeAvailable: False, Value: 0 },
{ Name: "ralouphie/getallheaders", RepoVersion: "3.0.3", RepoVersionPublishedAt: 2019-03-08T00:00:00, LatestVersion: "3.0.3", LatestPublishedAt: 2019-03-08T00:00:00, UpgradeAvailable: False, Value: 0 },
{ Name: "ramsey/uuid", RepoVersion: "3.9.2", RepoVersionPublishedAt: 2019-12-17T00:00:00, LatestVersion: "3.9.2", LatestPublishedAt: 2019-12-17T00:00:00, UpgradeAvailable: False, Value: 0 },
{ Name: "robrichards/xmlseclibs", RepoVersion: "3.0.4", RepoVersionPublishedAt: 2019-11-05T00:00:00, LatestVersion: "3.0.4", LatestPublishedAt: 2019-11-05T00:00:00, UpgradeAvailable: False, Value: 0 },
{ Name: "sabberworm/php-css-parser", RepoVersion: "8.3.0", RepoVersionPublishedAt: 2019-02-22T00:00:00, LatestVersion: "8.3.0", LatestPublishedAt: 2019-02-22T00:00:00, UpgradeAvailable: False, Value: 0 },
{ Name: "socialiteproviders/discord", RepoVersion: "v2.0.2", RepoVersionPublishedAt: 2018-05-26T00:00:00, LatestVersion: "v2.0.2", LatestPublishedAt: 2018-05-26T00:00:00, UpgradeAvailable: False, Value: 0 },
{ Name: "socialiteproviders/gitlab", RepoVersion: "v3.1", RepoVersionPublishedAt: 2018-06-27T00:00:00, LatestVersion: "v3.1", LatestPublishedAt: 2018-06-27T00:00:00, UpgradeAvailable: False, Value: 0 },
{ Name: "socialiteproviders/manager", RepoVersion: "v3.4.3", RepoVersionPublishedAt: 2019-09-25T00:00:00, LatestVersion: "v3.4.3", LatestPublishedAt: 2019-09-25T00:00:00, UpgradeAvailable: False, Value: 0 },
{ Name: "socialiteproviders/microsoft-azure", RepoVersion: "v3.0.0", RepoVersionPublishedAt: 2017-01-25T00:00:00, LatestVersion: "v3.0.0", LatestPublishedAt: 2017-01-25T00:00:00, UpgradeAvailable: False, Value: 0 },
{ Name: "socialiteproviders/okta", RepoVersion: "v1.0.0", RepoVersionPublishedAt: 2017-11-21T00:00:00, LatestVersion: "v1.1.0", LatestPublishedAt: 2019-09-06T00:00:00, UpgradeAvailable: True, Value: 1.7917808219178082 },
{ Name: "socialiteproviders/slack", RepoVersion: "v3.1", RepoVersionPublishedAt: 2019-01-11T00:00:00, LatestVersion: "v3.1", LatestPublishedAt: 2019-01-11T00:00:00, UpgradeAvailable: False, Value: 0 },
{ Name: "socialiteproviders/twitch", RepoVersion: "v5.1", RepoVersionPublishedAt: 2019-07-01T00:00:00, LatestVersion: "v5.1", LatestPublishedAt: 2019-07-01T00:00:00, UpgradeAvailable: False, Value: 0 },
{ Name: "swiftmailer/swiftmailer", RepoVersion: "v6.2.3", RepoVersionPublishedAt: 2019-11-12T00:00:00, LatestVersion: "v6.2.3", LatestPublishedAt: 2019-11-12T00:00:00, UpgradeAvailable: False, Value: 0 },
{ Name: "symfony/console", RepoVersion: "v4.4.2", RepoVersionPublishedAt: 2019-12-17T00:00:00, LatestVersion: "v5.0.2", LatestPublishedAt: 2019-12-17T00:00:00, UpgradeAvailable: False, Value: 0 },
{ Name: "symfony/css-selector", RepoVersion: "v4.4.2", RepoVersionPublishedAt: 2019-10-12T00:00:00, LatestVersion: "v5.0.2", LatestPublishedAt: 2019-11-18T00:00:00, UpgradeAvailable: True, Value: 0.10136986301369863 },
{ Name: "symfony/debug", RepoVersion: "v4.4.2", RepoVersionPublishedAt: 2019-12-16T00:00:00, LatestVersion: "v4.4.2", LatestPublishedAt: 2019-12-16T00:00:00, UpgradeAvailable: False, Value: 0 },
{ Name: "symfony/error-handler", RepoVersion: "v4.4.2", RepoVersionPublishedAt: 2019-12-16T00:00:00, LatestVersion: "v5.0.2", LatestPublishedAt: 2019-12-16T00:00:00, UpgradeAvailable: False, Value: 0 },
{ Name: "symfony/event-dispatcher", RepoVersion: "v4.4.2", RepoVersionPublishedAt: 2019-11-28T00:00:00, LatestVersion: "v5.0.2", LatestPublishedAt: 2019-11-18T00:00:00, UpgradeAvailable: True, Value: 0 },
{ Name: "symfony/event-dispatcher-contracts", RepoVersion: "v1.1.7", RepoVersionPublishedAt: 2019-09-17T00:00:00, LatestVersion: "v2.0.1", LatestPublishedAt: 2019-11-18T00:00:00, UpgradeAvailable: True, Value: 0.16986301369863013 },
{ Name: "symfony/finder", RepoVersion: "v4.4.2", RepoVersionPublishedAt: 2019-11-17T00:00:00, LatestVersion: "v5.0.2", LatestPublishedAt: 2019-11-18T00:00:00, UpgradeAvailable: True, Value: 0.0027397260273972603 },
{ Name: "symfony/http-foundation", RepoVersion: "v4.4.2", RepoVersionPublishedAt: 2019-12-19T00:00:00, LatestVersion: "v5.0.2", LatestPublishedAt: 2019-12-19T00:00:00, UpgradeAvailable: False, Value: 0 },
{ Name: "symfony/http-kernel", RepoVersion: "v4.4.2", RepoVersionPublishedAt: 2019-12-19T00:00:00, LatestVersion: "v5.0.2", LatestPublishedAt: 2019-12-19T00:00:00, UpgradeAvailable: False, Value: 0 },
{ Name: "symfony/mime", RepoVersion: "v4.4.2", RepoVersionPublishedAt: 2019-11-30T00:00:00, LatestVersion: "v5.0.2", LatestPublishedAt: 2019-11-30T00:00:00, UpgradeAvailable: False, Value: 0 },
{ Name: "symfony/polyfill-ctype", RepoVersion: "v1.13.1", RepoVersionPublishedAt: 2019-11-27T00:00:00, LatestVersion: "v1.13.2", LatestPublishedAt: 2019-11-27T00:00:00, UpgradeAvailable: False, Value: 0 },
{ Name: "symfony/polyfill-iconv", RepoVersion: "v1.13.1", RepoVersionPublishedAt: 2019-11-27T00:00:00, LatestVersion: "v1.13.2", LatestPublishedAt: 2019-12-03T00:00:00, UpgradeAvailable: True, Value: 0.01643835616438356 },
{ Name: "symfony/polyfill-intl-idn", RepoVersion: "v1.13.1", RepoVersionPublishedAt: 2019-11-27T00:00:00, LatestVersion: "v1.13.2", LatestPublishedAt: 2019-11-27T00:00:00, UpgradeAvailable: False, Value: 0 },
{ Name: "symfony/polyfill-mbstring", RepoVersion: "v1.13.1", RepoVersionPublishedAt: 2019-11-27T00:00:00, LatestVersion: "v1.13.1", LatestPublishedAt: 2019-11-27T00:00:00, UpgradeAvailable: False, Value: 0 },
{ Name: "symfony/polyfill-php72", RepoVersion: "v1.13.1", RepoVersionPublishedAt: 2019-11-27T00:00:00, LatestVersion: "v1.13.2", LatestPublishedAt: 2019-11-27T00:00:00, UpgradeAvailable: False, Value: 0 },
{ Name: "symfony/polyfill-php73", RepoVersion: "v1.13.1", RepoVersionPublishedAt: 2019-11-27T00:00:00, LatestVersion: "v1.13.2", LatestPublishedAt: 2019-11-27T00:00:00, UpgradeAvailable: False, Value: 0 },
{ Name: "symfony/process", RepoVersion: "v4.4.2", RepoVersionPublishedAt: 2019-12-06T00:00:00, LatestVersion: "v5.0.2", LatestPublishedAt: 2019-12-10T00:00:00, UpgradeAvailable: True, Value: 0.010958904109589041 },
{ Name: "symfony/routing", RepoVersion: "v4.4.2", RepoVersionPublishedAt: 2019-12-12T00:00:00, LatestVersion: "v5.0.2", LatestPublishedAt: 2019-12-12T00:00:00, UpgradeAvailable: False, Value: 0 },
{ Name: "symfony/service-contracts", RepoVersion: "v1.1.8", RepoVersionPublishedAt: 2019-10-14T00:00:00, LatestVersion: "v2.0.1", LatestPublishedAt: 2019-11-18T00:00:00, UpgradeAvailable: True, Value: 0.0958904109589041 },
{ Name: "symfony/translation", RepoVersion: "v4.4.2", RepoVersionPublishedAt: 2019-12-12T00:00:00, LatestVersion: "v5.0.2", LatestPublishedAt: 2019-12-12T00:00:00, UpgradeAvailable: False, Value: 0 },
{ Name: "symfony/translation-contracts", RepoVersion: "v1.1.7", RepoVersionPublishedAt: 2019-09-17T00:00:00, LatestVersion: "v2.0.1", LatestPublishedAt: 2019-11-18T00:00:00, UpgradeAvailable: True, Value: 0.16986301369863013 },
{ Name: "symfony/var-dumper", RepoVersion: "v4.4.2", RepoVersionPublishedAt: 2019-12-18T00:00:00, LatestVersion: "v5.0.2", LatestPublishedAt: 2019-12-18T00:00:00, UpgradeAvailable: False, Value: 0 },
{ Name: "tijsverkoyen/css-to-inline-styles", RepoVersion: "2.2.2", RepoVersionPublishedAt: 2019-10-24T00:00:00, LatestVersion: "2.2.2", LatestPublishedAt: 2019-10-24T00:00:00, UpgradeAvailable: False, Value: 0 },
{ Name: "vlucas/phpdotenv", RepoVersion: "v3.6.0", RepoVersionPublishedAt: 2019-09-10T00:00:00, LatestVersion: "v4.1.0", LatestPublishedAt: 2019-12-14T00:00:00, UpgradeAvailable: True, Value: 0.2602739726027397 },
{ Name: "barryvdh/laravel-debugbar", RepoVersion: "v3.2.8", RepoVersionPublishedAt: 2019-08-29T00:00:00, LatestVersion: "v3.2.8", LatestPublishedAt: 2019-08-29T00:00:00, UpgradeAvailable: False, Value: 0 },
{ Name: "barryvdh/laravel-ide-helper", RepoVersion: "v2.6.6", RepoVersionPublishedAt: 2019-10-30T00:00:00, LatestVersion: "v2.6.6", LatestPublishedAt: 2019-10-30T00:00:00, UpgradeAvailable: False, Value: 0 },
{ Name: "barryvdh/reflection-docblock", RepoVersion: "v2.0.6", RepoVersionPublishedAt: 2018-12-13T00:00:00, LatestVersion: "v2.0.6", LatestPublishedAt: 2018-12-13T00:00:00, UpgradeAvailable: False, Value: 0 },
{ Name: "composer/ca-bundle", RepoVersion: "1.2.5", RepoVersionPublishedAt: 2019-12-11T00:00:00, LatestVersion: "1.2.5", LatestPublishedAt: 2019-12-11T00:00:00, UpgradeAvailable: False, Value: 0 },
{ Name: "composer/composer", RepoVersion: "1.9.1", RepoVersionPublishedAt: 2019-11-01T00:00:00, LatestVersion: "1.9.1", LatestPublishedAt: 2019-11-01T00:00:00, UpgradeAvailable: False, Value: 0 },
{ Name: "composer/semver", RepoVersion: "1.5.0", RepoVersionPublishedAt: 2019-03-19T00:00:00, LatestVersion: "1.5.0", LatestPublishedAt: 2019-03-19T00:00:00, UpgradeAvailable: False, Value: 0 },
{ Name: "composer/spdx-licenses", RepoVersion: "1.5.2", RepoVersionPublishedAt: 2019-07-29T00:00:00, LatestVersion: "1.5.2", LatestPublishedAt: 2019-07-29T00:00:00, UpgradeAvailable: False, Value: 0 },
{ Name: "composer/xdebug-handler", RepoVersion: "1.4.0", RepoVersionPublishedAt: 2019-11-06T00:00:00, LatestVersion: "1.4.0", LatestPublishedAt: 2019-11-06T00:00:00, UpgradeAvailable: False, Value: 0 },
{ Name: "doctrine/instantiator", RepoVersion: "1.3.0", RepoVersionPublishedAt: 2019-10-21T00:00:00, LatestVersion: "1.3.0", LatestPublishedAt: 2019-10-21T00:00:00, UpgradeAvailable: False, Value: 0 },
{ Name: "facade/flare-client-php", RepoVersion: "1.3.1", RepoVersionPublishedAt: 2019-12-15T00:00:00, LatestVersion: "1.3.1", LatestPublishedAt: 2019-12-15T00:00:00, UpgradeAvailable: False, Value: 0 },
{ Name: "facade/ignition", RepoVersion: "1.13.0", RepoVersionPublishedAt: 2019-11-27T00:00:00, LatestVersion: "1.13.0", LatestPublishedAt: 2019-11-27T00:00:00, UpgradeAvailable: False, Value: 0 },
{ Name: "facade/ignition-contracts", RepoVersion: "1.0.0", RepoVersionPublishedAt: 2019-08-30T00:00:00, LatestVersion: "1.0.0", LatestPublishedAt: 2019-08-30T00:00:00, UpgradeAvailable: False, Value: 0 },
{ Name: "filp/whoops", RepoVersion: "2.6.0", RepoVersionPublishedAt: 2019-12-25T00:00:00, LatestVersion: "2.7.0", LatestPublishedAt: 2019-12-29T00:00:00, UpgradeAvailable: True, Value: 0.010958904109589041 },
{ Name: "fzaninotto/faker", RepoVersion: "v1.9.1", RepoVersionPublishedAt: 2019-12-12T00:00:00, LatestVersion: "v1.9.1", LatestPublishedAt: 2019-12-12T00:00:00, UpgradeAvailable: False, Value: 0 },
{ Name: "hamcrest/hamcrest-php", RepoVersion: "v2.0.0", RepoVersionPublishedAt: 2016-01-20T00:00:00, LatestVersion: "v2.0.0", LatestPublishedAt: 2016-01-20T00:00:00, UpgradeAvailable: False, Value: 0 },
{ Name: "jakub-onderka/php-console-color", RepoVersion: "v0.2", RepoVersionPublishedAt: 2018-09-29T00:00:00, LatestVersion: "v0.2", LatestPublishedAt: 2018-09-29T00:00:00, UpgradeAvailable: False, Value: 0 },
{ Name: "jakub-onderka/php-console-highlighter", RepoVersion: "v0.4", RepoVersionPublishedAt: 2018-09-29T00:00:00, LatestVersion: "v0.4", LatestPublishedAt: 2018-09-29T00:00:00, UpgradeAvailable: False, Value: 0 },
{ Name: "justinrainbow/json-schema", RepoVersion: "5.2.9", RepoVersionPublishedAt: 2019-09-25T00:00:00, LatestVersion: "5.2.9", LatestPublishedAt: 2019-09-25T00:00:00, UpgradeAvailable: False, Value: 0 },
{ Name: "laravel/browser-kit-testing", RepoVersion: "v5.1.3", RepoVersionPublishedAt: 2019-07-30T00:00:00, LatestVersion: "v5.1.3", LatestPublishedAt: 2019-07-30T00:00:00, UpgradeAvailable: False, Value: 0 },
{ Name: "maximebf/debugbar", RepoVersion: "v1.15.1", RepoVersionPublishedAt: 2019-09-24T00:00:00, LatestVersion: "v1.16.1", LatestPublishedAt: 2019-11-24T00:00:00, UpgradeAvailable: True, Value: 0.16712328767123288 },
{ Name: "mockery/mockery", RepoVersion: "1.3.1", RepoVersionPublishedAt: 2019-12-26T00:00:00, LatestVersion: "1.3.1", LatestPublishedAt: 2019-12-26T00:00:00, UpgradeAvailable: False, Value: 0 },
{ Name: "myclabs/deep-copy", RepoVersion: "1.9.4", RepoVersionPublishedAt: 2019-12-15T00:00:00, LatestVersion: "1.9.4", LatestPublishedAt: 2019-12-15T00:00:00, UpgradeAvailable: False, Value: 0 },
{ Name: "nunomaduro/collision", RepoVersion: "v3.0.1", RepoVersionPublishedAt: 2019-03-07T00:00:00, LatestVersion: "v3.0.1", LatestPublishedAt: 2019-03-07T00:00:00, UpgradeAvailable: False, Value: 0 },
{ Name: "phar-io/manifest", RepoVersion: "1.0.3", RepoVersionPublishedAt: 2018-07-08T00:00:00, LatestVersion: "1.0.3", LatestPublishedAt: 2018-07-08T00:00:00, UpgradeAvailable: False, Value: 0 },
{ Name: "phar-io/version", RepoVersion: "2.0.1", RepoVersionPublishedAt: 2018-07-08T00:00:00, LatestVersion: "2.0.1", LatestPublishedAt: 2018-07-08T00:00:00, UpgradeAvailable: False, Value: 0 },
{ Name: "phpdocumentor/reflection-common", RepoVersion: "2.0.0", RepoVersionPublishedAt: 2018-08-07T00:00:00, LatestVersion: "2.0.0", LatestPublishedAt: 2018-08-07T00:00:00, UpgradeAvailable: False, Value: 0 },
{ Name: "phpdocumentor/reflection-docblock", RepoVersion: "4.3.3", RepoVersionPublishedAt: 2019-12-20T00:00:00, LatestVersion: "4.3.4", LatestPublishedAt: 2019-12-28T00:00:00, UpgradeAvailable: True, Value: 0.021917808219178082 },
{ Name: "phpdocumentor/type-resolver", RepoVersion: "1.0.1", RepoVersionPublishedAt: 2019-08-22T00:00:00, LatestVersion: "1.0.1", LatestPublishedAt: 2019-08-22T00:00:00, UpgradeAvailable: False, Value: 0 },
{ Name: "phploc/phploc", RepoVersion: "5.0.0", RepoVersionPublishedAt: 2019-03-16T00:00:00, LatestVersion: "5.0.0", LatestPublishedAt: 2019-03-16T00:00:00, UpgradeAvailable: False, Value: 0 },
{ Name: "phpspec/prophecy", RepoVersion: "1.10.1", RepoVersionPublishedAt: 2019-12-22T00:00:00, LatestVersion: "1.10.1", LatestPublishedAt: 2019-12-22T00:00:00, UpgradeAvailable: False, Value: 0 },
{ Name: "phpunit/php-code-coverage", RepoVersion: "7.0.10", RepoVersionPublishedAt: 2019-11-20T00:00:00, LatestVersion: "7.0.10", LatestPublishedAt: 2019-11-20T00:00:00, UpgradeAvailable: False, Value: 0 },
{ Name: "phpunit/php-file-iterator", RepoVersion: "2.0.2", RepoVersionPublishedAt: 2018-09-13T00:00:00, LatestVersion: "2.0.2", LatestPublishedAt: 2018-09-13T00:00:00, UpgradeAvailable: False, Value: 0 },
{ Name: "phpunit/php-text-template", RepoVersion: "1.2.1", RepoVersionPublishedAt: 2015-06-21T00:00:00, LatestVersion: "1.2.1", LatestPublishedAt: 2015-06-21T00:00:00, UpgradeAvailable: False, Value: 0 },
{ Name: "phpunit/php-timer", RepoVersion: "2.1.2", RepoVersionPublishedAt: 2019-06-07T00:00:00, LatestVersion: "2.1.2", LatestPublishedAt: 2019-06-07T00:00:00, UpgradeAvailable: False, Value: 0 },
{ Name: "phpunit/php-token-stream", RepoVersion: "3.1.1", RepoVersionPublishedAt: 2019-09-17T00:00:00, LatestVersion: "3.1.1", LatestPublishedAt: 2019-09-17T00:00:00, UpgradeAvailable: False, Value: 0 },
{ Name: "phpunit/phpunit", RepoVersion: "8.5.1", RepoVersionPublishedAt: 2019-12-25T00:00:00, LatestVersion: "8.5.1", LatestPublishedAt: 2019-12-25T00:00:00, UpgradeAvailable: False, Value: 0 },
{ Name: "scrivo/highlight.php", RepoVersion: "v9.17.1.0", RepoVersionPublishedAt: 2019-12-13T00:00:00, LatestVersion: "v9.12.0", LatestPublishedAt: 2017-11-15T00:00:00, UpgradeAvailable: True, Value: 0 },
{ Name: "sebastian/code-unit-reverse-lookup", RepoVersion: "1.0.1", RepoVersionPublishedAt: 2017-03-04T00:00:00, LatestVersion: "1.0.1", LatestPublishedAt: 2017-03-04T00:00:00, UpgradeAvailable: False, Value: 0 },
{ Name: "sebastian/comparator", RepoVersion: "3.0.2", RepoVersionPublishedAt: 2018-07-12T00:00:00, LatestVersion: "3.0.2", LatestPublishedAt: 2018-07-12T00:00:00, UpgradeAvailable: False, Value: 0 },
{ Name: "sebastian/diff", RepoVersion: "3.0.2", RepoVersionPublishedAt: 2019-02-04T00:00:00, LatestVersion: "3.0.2", LatestPublishedAt: 2019-02-04T00:00:00, UpgradeAvailable: False, Value: 0 },
{ Name: "sebastian/environment", RepoVersion: "4.2.3", RepoVersionPublishedAt: 2019-11-20T00:00:00, LatestVersion: "4.2.3", LatestPublishedAt: 2019-11-20T00:00:00, UpgradeAvailable: False, Value: 0 },
{ Name: "sebastian/exporter", RepoVersion: "3.1.2", RepoVersionPublishedAt: 2019-09-14T00:00:00, LatestVersion: "3.1.2", LatestPublishedAt: 2019-09-14T00:00:00, UpgradeAvailable: False, Value: 0 },
{ Name: "sebastian/finder-facade", RepoVersion: "1.2.2", RepoVersionPublishedAt: 2017-11-18T00:00:00, LatestVersion: "1.2.2", LatestPublishedAt: 2017-11-18T00:00:00, UpgradeAvailable: False, Value: 0 },
{ Name: "sebastian/global-state", RepoVersion: "3.0.0", RepoVersionPublishedAt: 2019-02-01T00:00:00, LatestVersion: "3.0.0", LatestPublishedAt: 2019-02-01T00:00:00, UpgradeAvailable: False, Value: 0 },
{ Name: "sebastian/object-enumerator", RepoVersion: "3.0.3", RepoVersionPublishedAt: 2017-08-03T00:00:00, LatestVersion: "3.0.3", LatestPublishedAt: 2017-08-03T00:00:00, UpgradeAvailable: False, Value: 0 },
{ Name: "sebastian/object-reflector", RepoVersion: "1.1.1", RepoVersionPublishedAt: 2017-03-29T00:00:00, LatestVersion: "1.1.1", LatestPublishedAt: 2017-03-29T00:00:00, UpgradeAvailable: False, Value: 0 },
{ Name: "sebastian/recursion-context", RepoVersion: "3.0.0", RepoVersionPublishedAt: 2017-03-03T00:00:00, LatestVersion: "3.0.0", LatestPublishedAt: 2017-03-03T00:00:00, UpgradeAvailable: False, Value: 0 },
{ Name: "sebastian/resource-operations", RepoVersion: "2.0.1", RepoVersionPublishedAt: 2018-10-04T00:00:00, LatestVersion: "2.0.1", LatestPublishedAt: 2018-10-04T00:00:00, UpgradeAvailable: False, Value: 0 },
{ Name: "sebastian/type", RepoVersion: "1.1.3", RepoVersionPublishedAt: 2019-07-02T00:00:00, LatestVersion: "1.1.3", LatestPublishedAt: 2019-07-02T00:00:00, UpgradeAvailable: False, Value: 0 },
{ Name: "sebastian/version", RepoVersion: "2.0.1", RepoVersionPublishedAt: 2016-10-03T00:00:00, LatestVersion: "2.0.1", LatestPublishedAt: 2016-10-03T00:00:00, UpgradeAvailable: False, Value: 0 },
{ Name: "seld/jsonlint", RepoVersion: "1.7.2", RepoVersionPublishedAt: 2019-10-24T00:00:00, LatestVersion: "1.7.2", LatestPublishedAt: 2019-10-24T00:00:00, UpgradeAvailable: False, Value: 0 },
{ Name: "seld/phar-utils", RepoVersion: "1.0.1", RepoVersionPublishedAt: 2015-10-13T00:00:00, LatestVersion: "1.0.1", LatestPublishedAt: 2015-10-13T00:00:00, UpgradeAvailable: False, Value: 0 },
{ Name: "squizlabs/php_codesniffer", RepoVersion: "3.5.3", RepoVersionPublishedAt: 2019-12-04T00:00:00, LatestVersion: "3.5.3", LatestPublishedAt: 2019-12-04T00:00:00, UpgradeAvailable: False, Value: 0 },
{ Name: "symfony/dom-crawler", RepoVersion: "v4.4.2", RepoVersionPublishedAt: 2019-10-29T00:00:00, LatestVersion: "v5.0.2", LatestPublishedAt: 2019-11-18T00:00:00, UpgradeAvailable: True, Value: 0.0547945205479452 },
{ Name: "symfony/filesystem", RepoVersion: "v4.4.2", RepoVersionPublishedAt: 2019-11-26T00:00:00, LatestVersion: "v5.0.2", LatestPublishedAt: 2019-11-26T00:00:00, UpgradeAvailable: False, Value: 0 },
{ Name: "theseer/fdomdocument", RepoVersion: "1.6.6", RepoVersionPublishedAt: 2017-06-30T00:00:00, LatestVersion: "1.6.6", LatestPublishedAt: 2017-06-30T00:00:00, UpgradeAvailable: False, Value: 0 },
{ Name: "theseer/tokenizer", RepoVersion: "1.1.3", RepoVersionPublishedAt: 2019-06-13T00:00:00, LatestVersion: "1.1.3", LatestPublishedAt: 2019-06-13T00:00:00, UpgradeAvailable: False, Value: 0 },
{ Name: "webmozart/assert", RepoVersion: "1.6.0", RepoVersionPublishedAt: 2019-11-24T00:00:00, LatestVersion: "1.6.0", LatestPublishedAt: 2019-11-24T00:00:00, UpgradeAvailable: False, Value: 0 },
{ Name: "wnx/laravel-stats", RepoVersion: "v2.0.0", RepoVersionPublishedAt: 2019-09-01T00:00:00, LatestVersion: "v2.0.0", LatestPublishedAt: 2019-09-01T00:00:00, UpgradeAvailable: False, Value: 0 },
], Total: 6.821917808219179 } }

