2017-01-01T00:01:29.0000000-08:00 => 13963f09081c175c66d20f7dd15d23fedc789ce4
2018-01-01T00:00:59.0000000-08:00 => 902a3082740f83776eec419c59a56e54424fdec5
2019-01-01T00:00:46.0000000-08:00 => 017031627f36deb582d69cddd381718be0044b02
