files[0] = /.git/config
files[1] = /.git/description
files[2] = /.git/HEAD
files[3] = /.git/hooks/applypatch-msg.sample
files[4] = /.git/hooks/commit-msg.sample
files[5] = /.git/hooks/fsmonitor-watchman.sample
files[6] = /.git/hooks/post-update.sample
files[7] = /.git/hooks/pre-applypatch.sample
files[8] = /.git/hooks/pre-commit.sample
files[9] = /.git/hooks/pre-merge-commit.sample
files[10] = /.git/hooks/pre-push.sample
files[11] = /.git/hooks/pre-rebase.sample
files[12] = /.git/hooks/pre-receive.sample
files[13] = /.git/hooks/prepare-commit-msg.sample
files[14] = /.git/hooks/push-to-checkout.sample
files[15] = /.git/hooks/update.sample
files[16] = /.git/index
files[17] = /.git/info/exclude
files[18] = /.git/logs/HEAD
files[19] = /.git/logs/refs/heads/master
files[20] = /.git/logs/refs/remotes/origin/HEAD
files[21] = /.git/objects/pack/pack-e4a774ac9dbfc86d77f95bc8244ac029df16663d.idx
files[22] = /.git/objects/pack/pack-e4a774ac9dbfc86d77f95bc8244ac029df16663d.pack
files[23] = /.git/packed-refs
files[24] = /.git/refs/heads/master
files[25] = /.git/refs/remotes/origin/HEAD
files[26] = /Gemfile
files[27] = /Gemfile.lock
